/home/ved/SAVR/envs/openvla-oft/lib/python3.10/site-packages/transformers/utils/hub.py:124: FutureWarning: Using `TRANSFORMERS_CACHE` is deprecated and will be removed in v5 of Transformers. Use `HF_HOME` instead.
  warnings.warn(
2026-09-26 13:50:31.398466: E external/local_xla/xla/stream_executor/cuda/cuda_dnn.cc:9261] Unable to register cuDNN factory: Attempting to register factory for plugin cuDNN when one has already been registered
2026-09-26 13:50:31.398506: E external/local_xla/xla/stream_executor/cuda/cuda_fft.cc:607] Unable to register cuFFT factory: Attempting to register factory for plugin cuFFT when one has already been registered
2026-09-26 13:50:31.399595: E external/local_xla/xla/stream_executor/cuda/cuda_blas.cc:1515] Unable to register cuBLAS factory: Attempting to register factory for plugin cuBLAS when one has already been registered
2026-09-26 13:50:31.405106: I tensorflow/core/platform/cpu_feature_guard.cc:182] This TensorFlow binary is optimized to use available CPU instructions in performance-critical operations.
To enable the following instructions: AVX2 AVX512F FMA, in other operations, rebuild TensorFlow with the appropriate compiler flags.
2026-09-26 13:50:32.085372: W tensorflow/compiler/tf2tensorrt/utils/py_utils.cc:38] TF-TRT Warning: Could not find TensorRT
[robosuite WARNING] No private macro file found! (macros.py:53)
Using LIBERO constants:
  NUM_ACTIONS_CHUNK = 8
  ACTION_DIM = 7
  PROPRIO_DIM = 8
  ACTION_PROPRIO_NORMALIZATION_TYPE = bounds_q99
If needed, manually set the correct constants in `prismatic/vla/constants.py`!
09/26 [13:50:45] WARNING  | >> No private macro file found!         macros.py:53
[robosuite WARNING] It is recommended to use a private macro file (macros.py:54)
                 WARNING  | >> It is recommended to use a private   macros.py:54
                          macro file                                            
[robosuite WARNING] To setup, run: python /home/ved/SAVR/envs/openvla-oft/lib/python3.10/site-packages/robosuite/scripts/setup_macros.py (macros.py:55)
                 WARNING  | >> To setup, run: python                macros.py:55
                          /home/ved/SAVR/envs/openvla-oft/lib/pytho             
                          n3.10/site-packages/robosuite/scripts/set             
                          up_macros.py                                          
                 INFO     | >> No OpenGL_accelerate      acceleratesupport.py:24
                          module loaded: No module named                        
                          'OpenGL_accelerate'                                   
Gym has been unmaintained since 2022 and does not support NumPy 2.0 amongst other critical functionality.
Please upgrade to Gymnasium, the maintained drop-in replacement of Gym, or contact the authors of your software and request that they upgrade.
See the migration guide at https://gymnasium.farama.org/introduction/migration_guide/ for additional information.
<frozen importlib._bootstrap>:283: DeprecationWarning: the load_module() method is deprecated and slated for removal in Python 3.12; use exec_module() instead
Instantiating pretrained VLA policy...
Loading checkpoint shards:   0%|          | 0/4 [00:00<?, ?it/s]Loading checkpoint shards:  25%|██▌       | 1/4 [00:00<00:00,  4.14it/s]Loading checkpoint shards:  50%|█████     | 2/4 [00:00<00:00,  4.61it/s]Loading checkpoint shards:  75%|███████▌  | 3/4 [00:00<00:00,  4.77it/s]Loading checkpoint shards: 100%|██████████| 4/4 [00:00<00:00,  4.93it/s]Loading checkpoint shards: 100%|██████████| 4/4 [00:00<00:00,  4.79it/s]
<frozen importlib._bootstrap>:283: DeprecationWarning: the load_module() method is deprecated and slated for removal in Python 3.12; use exec_module() instead
Loaded model: <class 'transformers_modules.openvla-7b-oft-libero-four-suite.modeling_prismatic.OpenVLAForActionPrediction'>
{"complete": true, "model_queries": 176, "adaptive_zero_tolerance": 1e-06}
