/home/ved/SAVR/envs/openvla-oft/lib/python3.10/site-packages/transformers/utils/hub.py:124: FutureWarning: Using `TRANSFORMERS_CACHE` is deprecated and will be removed in v5 of Transformers. Use `HF_HOME` instead.
  warnings.warn(
2026-09-13 10:54:44.284296: E external/local_xla/xla/stream_executor/cuda/cuda_dnn.cc:9261] Unable to register cuDNN factory: Attempting to register factory for plugin cuDNN when one has already been registered
2026-09-13 10:54:44.284335: E external/local_xla/xla/stream_executor/cuda/cuda_fft.cc:607] Unable to register cuFFT factory: Attempting to register factory for plugin cuFFT when one has already been registered
2026-09-13 10:54:44.285476: E external/local_xla/xla/stream_executor/cuda/cuda_blas.cc:1515] Unable to register cuBLAS factory: Attempting to register factory for plugin cuBLAS when one has already been registered
2026-09-13 10:54:44.291279: I tensorflow/core/platform/cpu_feature_guard.cc:182] This TensorFlow binary is optimized to use available CPU instructions in performance-critical operations.
To enable the following instructions: AVX2 AVX512F FMA, in other operations, rebuild TensorFlow with the appropriate compiler flags.
2026-09-13 10:54:44.966192: W tensorflow/compiler/tf2tensorrt/utils/py_utils.cc:38] TF-TRT Warning: Could not find TensorRT
[robosuite WARNING] No private macro file found! (macros.py:53)
Using LIBERO constants:
  NUM_ACTIONS_CHUNK = 8
  ACTION_DIM = 7
  PROPRIO_DIM = 8
  ACTION_PROPRIO_NORMALIZATION_TYPE = bounds_q99
If needed, manually set the correct constants in `prismatic/vla/constants.py`!
09/13 [10:54:58] WARNING  | >> No private macro file found!         macros.py:53
[robosuite WARNING] It is recommended to use a private macro file (macros.py:54)
                 WARNING  | >> It is recommended to use a private   macros.py:54
                          macro file                                            
[robosuite WARNING] To setup, run: python /home/ved/SAVR/envs/openvla-oft/lib/python3.10/site-packages/robosuite/scripts/setup_macros.py (macros.py:55)
                 WARNING  | >> To setup, run: python                macros.py:55
                          /home/ved/SAVR/envs/openvla-oft/lib/pytho             
                          n3.10/site-packages/robosuite/scripts/set             
                          up_macros.py                                          
                 INFO     | >> No OpenGL_accelerate      acceleratesupport.py:24
                          module loaded: No module named                        
                          'OpenGL_accelerate'                                   
Gym has been unmaintained since 2022 and does not support NumPy 2.0 amongst other critical functionality.
Please upgrade to Gymnasium, the maintained drop-in replacement of Gym, or contact the authors of your software and request that they upgrade.
See the migration guide at https://gymnasium.farama.org/introduction/migration_guide/ for additional information.
<frozen importlib._bootstrap>:283: DeprecationWarning: the load_module() method is deprecated and slated for removal in Python 3.12; use exec_module() instead
Instantiating pretrained VLA policy...
Loading checkpoint shards:   0%|          | 0/4 [00:00<?, ?it/s]Loading checkpoint shards:  25%|██▌       | 1/4 [00:00<00:00,  4.04it/s]Loading checkpoint shards:  50%|█████     | 2/4 [00:00<00:00,  4.52it/s]Loading checkpoint shards:  75%|███████▌  | 3/4 [00:00<00:00,  4.70it/s]Loading checkpoint shards: 100%|██████████| 4/4 [00:00<00:00,  4.88it/s]Loading checkpoint shards: 100%|██████████| 4/4 [00:00<00:00,  4.73it/s]
<frozen importlib._bootstrap>:283: DeprecationWarning: the load_module() method is deprecated and slated for removal in Python 3.12; use exec_module() instead
Loaded model: <class 'transformers_modules.openvla-7b-oft-libero-four-suite.modeling_prismatic.OpenVLAForActionPrediction'>
{"episodes": 0, "timing_calls": 136, "hook_checks": 0, "model_queries": 136}
[info] using task orders [0, 1, 2, 3, 4, 5, 6, 7, 8, 9]
{"episodes": 1, "timing_calls": 136, "hook_checks": 0, "model_queries": 156}
[info] using task orders [0, 1, 2, 3, 4, 5, 6, 7, 8, 9]
{"episodes": 2, "timing_calls": 136, "hook_checks": 0, "model_queries": 166}
[info] using task orders [0, 1, 2, 3, 4, 5, 6, 7, 8, 9]
{"episodes": 3, "timing_calls": 136, "hook_checks": 0, "model_queries": 203}
[info] using task orders [0, 1, 2, 3, 4, 5, 6, 7, 8, 9]
{"episodes": 4, "timing_calls": 136, "hook_checks": 0, "model_queries": 215}
[info] using task orders [0, 1, 2, 3, 4, 5, 6, 7, 8, 9]
{"episodes": 5, "timing_calls": 136, "hook_checks": 0, "model_queries": 227}
[info] using task orders [0, 1, 2, 3, 4, 5, 6, 7, 8, 9]
{"episodes": 6, "timing_calls": 136, "hook_checks": 0, "model_queries": 243}
[info] using task orders [0, 1, 2, 3, 4, 5, 6, 7, 8, 9]
{"episodes": 7, "timing_calls": 136, "hook_checks": 0, "model_queries": 260}
[info] using task orders [0, 1, 2, 3, 4, 5, 6, 7, 8, 9]
{"episodes": 8, "timing_calls": 136, "hook_checks": 0, "model_queries": 274}
[info] using task orders [0, 1, 2, 3, 4, 5, 6, 7, 8, 9]
{"episodes": 9, "timing_calls": 136, "hook_checks": 0, "model_queries": 288}
[info] using task orders [0, 1, 2, 3, 4, 5, 6, 7, 8, 9]
{"episodes": 10, "timing_calls": 136, "hook_checks": 0, "model_queries": 300}
[info] using task orders [0, 1, 2, 3, 4, 5, 6, 7, 8, 9]
{"episodes": 11, "timing_calls": 136, "hook_checks": 0, "model_queries": 336}
[info] using task orders [0, 1, 2, 3, 4, 5, 6, 7, 8, 9]
{"episodes": 12, "timing_calls": 136, "hook_checks": 0, "model_queries": 350}
[info] using task orders [0, 1, 2, 3, 4, 5, 6, 7, 8, 9]
{"episodes": 13, "timing_calls": 136, "hook_checks": 0, "model_queries": 363}
[info] using task orders [0, 1, 2, 3, 4, 5, 6, 7, 8, 9]
{"episodes": 14, "timing_calls": 136, "hook_checks": 0, "model_queries": 373}
[info] using task orders [0, 1, 2, 3, 4, 5, 6, 7, 8, 9]
{"episodes": 15, "timing_calls": 136, "hook_checks": 0, "model_queries": 385}
[info] using task orders [0, 1, 2, 3, 4, 5, 6, 7, 8, 9]
{"episodes": 16, "timing_calls": 136, "hook_checks": 0, "model_queries": 396}
[info] using task orders [0, 1, 2, 3, 4, 5, 6, 7, 8, 9]
{"episodes": 17, "timing_calls": 136, "hook_checks": 0, "model_queries": 408}
[info] using task orders [0, 1, 2, 3, 4, 5, 6, 7, 8, 9]
{"episodes": 18, "timing_calls": 136, "hook_checks": 0, "model_queries": 423}
[info] using task orders [0, 1, 2, 3, 4, 5, 6, 7, 8, 9]
{"episodes": 19, "timing_calls": 136, "hook_checks": 0, "model_queries": 456}
[info] using task orders [0, 1, 2, 3, 4, 5, 6, 7, 8, 9]
{"episodes": 20, "timing_calls": 136, "hook_checks": 0, "model_queries": 471}
[info] using task orders [0, 1, 2, 3, 4, 5, 6, 7, 8, 9]
{"episodes": 21, "timing_calls": 136, "hook_checks": 0, "model_queries": 486}
[info] using task orders [0, 1, 2, 3, 4, 5, 6, 7, 8, 9]
{"episodes": 22, "timing_calls": 136, "hook_checks": 0, "model_queries": 506}
[info] using task orders [0, 1, 2, 3, 4, 5, 6, 7, 8, 9]
{"episodes": 23, "timing_calls": 136, "hook_checks": 0, "model_queries": 538}
[info] using task orders [0, 1, 2, 3, 4, 5, 6, 7, 8, 9]
{"episodes": 24, "timing_calls": 136, "hook_checks": 0, "model_queries": 556}
[info] using task orders [0, 1, 2, 3, 4, 5, 6, 7, 8, 9]
{"episodes": 25, "timing_calls": 136, "hook_checks": 0, "model_queries": 572}
[info] using task orders [0, 1, 2, 3, 4, 5, 6, 7, 8, 9]
{"episodes": 26, "timing_calls": 136, "hook_checks": 0, "model_queries": 588}
[info] using task orders [0, 1, 2, 3, 4, 5, 6, 7, 8, 9]
{"episodes": 27, "timing_calls": 136, "hook_checks": 0, "model_queries": 605}
[info] using task orders [0, 1, 2, 3, 4, 5, 6, 7, 8, 9]
{"episodes": 28, "timing_calls": 136, "hook_checks": 0, "model_queries": 627}
[info] using task orders [0, 1, 2, 3, 4, 5, 6, 7, 8, 9]
{"episodes": 29, "timing_calls": 136, "hook_checks": 0, "model_queries": 646}
[info] using task orders [0, 1, 2, 3, 4, 5, 6, 7, 8, 9]
{"episodes": 30, "timing_calls": 136, "hook_checks": 0, "model_queries": 665}
[info] using task orders [0, 1, 2, 3, 4, 5, 6, 7, 8, 9]
{"episodes": 31, "timing_calls": 136, "hook_checks": 0, "model_queries": 686}
[info] using task orders [0, 1, 2, 3, 4, 5, 6, 7, 8, 9]
{"episodes": 32, "timing_calls": 136, "hook_checks": 0, "model_queries": 704}
[info] using task orders [0, 1, 2, 3, 4, 5, 6, 7, 8, 9]
{"episodes": 33, "timing_calls": 136, "hook_checks": 0, "model_queries": 720}
[info] using task orders [0, 1, 2, 3, 4, 5, 6, 7, 8, 9]
{"episodes": 34, "timing_calls": 136, "hook_checks": 0, "model_queries": 737}
[info] using task orders [0, 1, 2, 3, 4, 5, 6, 7, 8, 9]
{"episodes": 35, "timing_calls": 136, "hook_checks": 0, "model_queries": 763}
[info] using task orders [0, 1, 2, 3, 4, 5, 6, 7, 8, 9]
{"episodes": 36, "timing_calls": 136, "hook_checks": 0, "model_queries": 779}
[info] using task orders [0, 1, 2, 3, 4, 5, 6, 7, 8, 9]
{"episodes": 37, "timing_calls": 136, "hook_checks": 0, "model_queries": 794}
[info] using task orders [0, 1, 2, 3, 4, 5, 6, 7, 8, 9]
{"episodes": 38, "timing_calls": 136, "hook_checks": 0, "model_queries": 810}
[info] using task orders [0, 1, 2, 3, 4, 5, 6, 7, 8, 9]
{"episodes": 39, "timing_calls": 136, "hook_checks": 0, "model_queries": 828}
[info] using task orders [0, 1, 2, 3, 4, 5, 6, 7, 8, 9]
{"episodes": 40, "timing_calls": 136, "hook_checks": 0, "model_queries": 844}
[info] using task orders [0, 1, 2, 3, 4, 5, 6, 7, 8, 9]
{"episodes": 41, "timing_calls": 136, "hook_checks": 0, "model_queries": 859}
[info] using task orders [0, 1, 2, 3, 4, 5, 6, 7, 8, 9]
{"episodes": 42, "timing_calls": 136, "hook_checks": 0, "model_queries": 873}
[info] using task orders [0, 1, 2, 3, 4, 5, 6, 7, 8, 9]
{"episodes": 43, "timing_calls": 136, "hook_checks": 0, "model_queries": 905}
[info] using task orders [0, 1, 2, 3, 4, 5, 6, 7, 8, 9]
{"episodes": 44, "timing_calls": 136, "hook_checks": 0, "model_queries": 937}
[info] using task orders [0, 1, 2, 3, 4, 5, 6, 7, 8, 9]
{"episodes": 45, "timing_calls": 136, "hook_checks": 0, "model_queries": 967}
[info] using task orders [0, 1, 2, 3, 4, 5, 6, 7, 8, 9]
{"episodes": 46, "timing_calls": 136, "hook_checks": 0, "model_queries": 982}
[info] using task orders [0, 1, 2, 3, 4, 5, 6, 7, 8, 9]
{"episodes": 47, "timing_calls": 136, "hook_checks": 0, "model_queries": 1023}
[info] using task orders [0, 1, 2, 3, 4, 5, 6, 7, 8, 9]
{"episodes": 48, "timing_calls": 136, "hook_checks": 0, "model_queries": 1047}
[info] using task orders [0, 1, 2, 3, 4, 5, 6, 7, 8, 9]
{"episodes": 49, "timing_calls": 136, "hook_checks": 0, "model_queries": 1085}
[info] using task orders [0, 1, 2, 3, 4, 5, 6, 7, 8, 9]
{"episodes": 50, "timing_calls": 136, "hook_checks": 0, "model_queries": 1103}
[info] using task orders [0, 1, 2, 3, 4, 5, 6, 7, 8, 9]
{"episodes": 51, "timing_calls": 136, "hook_checks": 0, "model_queries": 1146}
[info] using task orders [0, 1, 2, 3, 4, 5, 6, 7, 8, 9]
{"episodes": 52, "timing_calls": 136, "hook_checks": 0, "model_queries": 1156}
[info] using task orders [0, 1, 2, 3, 4, 5, 6, 7, 8, 9]
{"episodes": 53, "timing_calls": 136, "hook_checks": 0, "model_queries": 1166}
[info] using task orders [0, 1, 2, 3, 4, 5, 6, 7, 8, 9]
{"episodes": 54, "timing_calls": 136, "hook_checks": 0, "model_queries": 1177}
[info] using task orders [0, 1, 2, 3, 4, 5, 6, 7, 8, 9]
{"episodes": 55, "timing_calls": 136, "hook_checks": 0, "model_queries": 1188}
[info] using task orders [0, 1, 2, 3, 4, 5, 6, 7, 8, 9]
{"episodes": 56, "timing_calls": 136, "hook_checks": 0, "model_queries": 1199}
[info] using task orders [0, 1, 2, 3, 4, 5, 6, 7, 8, 9]
{"episodes": 57, "timing_calls": 136, "hook_checks": 0, "model_queries": 1210}
[info] using task orders [0, 1, 2, 3, 4, 5, 6, 7, 8, 9]
{"episodes": 58, "timing_calls": 136, "hook_checks": 0, "model_queries": 1221}
[info] using task orders [0, 1, 2, 3, 4, 5, 6, 7, 8, 9]
{"episodes": 59, "timing_calls": 136, "hook_checks": 0, "model_queries": 1266}
[info] using task orders [0, 1, 2, 3, 4, 5, 6, 7, 8, 9]
{"episodes": 60, "timing_calls": 136, "hook_checks": 0, "model_queries": 1284}
[info] using task orders [0, 1, 2, 3, 4, 5, 6, 7, 8, 9]
{"episodes": 61, "timing_calls": 136, "hook_checks": 0, "model_queries": 1304}
[info] using task orders [0, 1, 2, 3, 4, 5, 6, 7, 8, 9]
{"episodes": 62, "timing_calls": 136, "hook_checks": 0, "model_queries": 1314}
[info] using task orders [0, 1, 2, 3, 4, 5, 6, 7, 8, 9]
{"episodes": 63, "timing_calls": 136, "hook_checks": 0, "model_queries": 1323}
[info] using task orders [0, 1, 2, 3, 4, 5, 6, 7, 8, 9]
{"episodes": 64, "timing_calls": 136, "hook_checks": 0, "model_queries": 1333}
[info] using task orders [0, 1, 2, 3, 4, 5, 6, 7, 8, 9]
{"episodes": 65, "timing_calls": 136, "hook_checks": 0, "model_queries": 1343}
[info] using task orders [0, 1, 2, 3, 4, 5, 6, 7, 8, 9]
{"episodes": 66, "timing_calls": 136, "hook_checks": 0, "model_queries": 1373}
[info] using task orders [0, 1, 2, 3, 4, 5, 6, 7, 8, 9]
{"episodes": 67, "timing_calls": 136, "hook_checks": 0, "model_queries": 1435}
[info] using task orders [0, 1, 2, 3, 4, 5, 6, 7, 8, 9]
{"episodes": 68, "timing_calls": 136, "hook_checks": 0, "model_queries": 1467}
[info] using task orders [0, 1, 2, 3, 4, 5, 6, 7, 8, 9]
{"episodes": 69, "timing_calls": 136, "hook_checks": 0, "model_queries": 1498}
[info] using task orders [0, 1, 2, 3, 4, 5, 6, 7, 8, 9]
{"episodes": 70, "timing_calls": 136, "hook_checks": 0, "model_queries": 1526}
[info] using task orders [0, 1, 2, 3, 4, 5, 6, 7, 8, 9]
{"episodes": 71, "timing_calls": 136, "hook_checks": 0, "model_queries": 1594}
[info] using task orders [0, 1, 2, 3, 4, 5, 6, 7, 8, 9]
{"episodes": 72, "timing_calls": 136, "hook_checks": 0, "model_queries": 1627}
[info] using task orders [0, 1, 2, 3, 4, 5, 6, 7, 8, 9]
{"episodes": 73, "timing_calls": 136, "hook_checks": 0, "model_queries": 1658}
[info] using task orders [0, 1, 2, 3, 4, 5, 6, 7, 8, 9]
{"episodes": 74, "timing_calls": 136, "hook_checks": 0, "model_queries": 1705}
[info] using task orders [0, 1, 2, 3, 4, 5, 6, 7, 8, 9]
{"episodes": 75, "timing_calls": 136, "hook_checks": 0, "model_queries": 1753}
[info] using task orders [0, 1, 2, 3, 4, 5, 6, 7, 8, 9]
{"episodes": 76, "timing_calls": 136, "hook_checks": 0, "model_queries": 1783}
[info] using task orders [0, 1, 2, 3, 4, 5, 6, 7, 8, 9]
{"episodes": 77, "timing_calls": 136, "hook_checks": 0, "model_queries": 1814}
[info] using task orders [0, 1, 2, 3, 4, 5, 6, 7, 8, 9]
{"episodes": 78, "timing_calls": 136, "hook_checks": 0, "model_queries": 1858}
[info] using task orders [0, 1, 2, 3, 4, 5, 6, 7, 8, 9]
{"episodes": 79, "timing_calls": 136, "hook_checks": 0, "model_queries": 1896}
[info] using task orders [0, 1, 2, 3, 4, 5, 6, 7, 8, 9]
{"episodes": 80, "timing_calls": 136, "hook_checks": 0, "model_queries": 1933}
[info] using task orders [0, 1, 2, 3, 4, 5, 6, 7, 8, 9]
{"episodes": 81, "timing_calls": 136, "hook_checks": 0, "model_queries": 1964}
[info] using task orders [0, 1, 2, 3, 4, 5, 6, 7, 8, 9]
{"episodes": 82, "timing_calls": 136, "hook_checks": 0, "model_queries": 1992}
[info] using task orders [0, 1, 2, 3, 4, 5, 6, 7, 8, 9]
{"episodes": 83, "timing_calls": 136, "hook_checks": 0, "model_queries": 2064}
[info] using task orders [0, 1, 2, 3, 4, 5, 6, 7, 8, 9]
{"episodes": 84, "timing_calls": 136, "hook_checks": 0, "model_queries": 2122}
[info] using task orders [0, 1, 2, 3, 4, 5, 6, 7, 8, 9]
{"episodes": 85, "timing_calls": 136, "hook_checks": 0, "model_queries": 2149}
[info] using task orders [0, 1, 2, 3, 4, 5, 6, 7, 8, 9]
{"episodes": 86, "timing_calls": 136, "hook_checks": 0, "model_queries": 2171}
[info] using task orders [0, 1, 2, 3, 4, 5, 6, 7, 8, 9]
{"episodes": 87, "timing_calls": 136, "hook_checks": 0, "model_queries": 2193}
[info] using task orders [0, 1, 2, 3, 4, 5, 6, 7, 8, 9]
{"episodes": 88, "timing_calls": 136, "hook_checks": 0, "model_queries": 2255}
{"complete": true, "output_root": "results/contemporary-reference-v02"}
